Java HotSpot(TM) 64-Bit Server VM (25.181-b13) for windows-amd64 JRE (1.8.0_181-b13), built on Jul  7 2018 04:01:33 by "java_re" with MS VC++ 10.0 (VS2010)
Memory: 4k page, physical 16627544k(4168324k free), swap 28686168k(10737840k free)
CommandLine flags: -XX:InitialHeapSize=1073741824 -XX:MaxHeapSize=1073741824 -XX:+PrintGC -XX:+PrintGCDateStamps -XX:+PrintGCDetails -XX:+PrintGCTimeStamps -XX:+UseCompressedClassPointers -XX:+UseCompressedOops -XX:-UseLargePagesIndividualAllocation -XX:+UseParallelGC 
2021-06-30T07:39:51.912+0800: 0.266: [GC (Allocation Failure) [PSYoungGen: 262144K->43509K(305664K)] 262144K->85673K(1005056K), 0.0163370 secs] [Times: user=0.02 sys=0.11, real=0.02 secs] 
2021-06-30T07:39:51.973+0800: 0.327: [GC (Allocation Failure) [PSYoungGen: 305653K->43514K(305664K)] 347817K->156954K(1005056K), 0.0330194 secs] [Times: user=0.08 sys=0.17, real=0.03 secs] 
2021-06-30T07:39:52.048+0800: 0.402: [GC (Allocation Failure) [PSYoungGen: 305658K->43515K(305664K)] 419098K->226232K(1005056K), 0.0213628 secs] [Times: user=0.17 sys=0.06, real=0.02 secs] 
2021-06-30T07:39:52.108+0800: 0.462: [GC (Allocation Failure) [PSYoungGen: 305659K->43506K(305664K)] 488376K->295830K(1005056K), 0.0214513 secs] [Times: user=0.16 sys=0.09, real=0.02 secs] 
2021-06-30T07:39:52.168+0800: 0.521: [GC (Allocation Failure) [PSYoungGen: 305650K->43502K(305664K)] 557974K->371998K(1005056K), 0.0245742 secs] [Times: user=0.16 sys=0.08, real=0.02 secs] 
2021-06-30T07:39:52.229+0800: 0.583: [GC (Allocation Failure) [PSYoungGen: 305646K->43519K(160256K)] 634142K->440077K(859648K), 0.0209407 secs] [Times: user=0.06 sys=0.06, real=0.02 secs] 
2021-06-30T07:39:52.269+0800: 0.622: [GC (Allocation Failure) [PSYoungGen: 160255K->59897K(232960K)] 556813K->466281K(932352K), 0.0134723 secs] [Times: user=0.00 sys=0.00, real=0.01 secs] 
2021-06-30T07:39:52.300+0800: 0.655: [GC (Allocation Failure) [PSYoungGen: 176633K->84280K(232960K)] 583017K->498067K(932352K), 0.0174192 secs] [Times: user=0.09 sys=0.03, real=0.02 secs] 
2021-06-30T07:39:52.339+0800: 0.694: [GC (Allocation Failure) [PSYoungGen: 200949K->100349K(232960K)] 614737K->529798K(932352K), 0.0217988 secs] [Times: user=0.11 sys=0.00, real=0.02 secs] 
2021-06-30T07:39:52.379+0800: 0.733: [GC (Allocation Failure) [PSYoungGen: 217085K->73565K(232960K)] 646534K->558162K(932352K), 0.0248689 secs] [Times: user=0.06 sys=0.03, real=0.03 secs] 
2021-06-30T07:39:52.422+0800: 0.776: [GC (Allocation Failure) [PSYoungGen: 190301K->40296K(232960K)] 674898K->592522K(932352K), 0.0204690 secs] [Times: user=0.08 sys=0.14, real=0.02 secs] 
2021-06-30T07:39:52.460+0800: 0.814: [GC (Allocation Failure) [PSYoungGen: 157032K->43674K(232960K)] 709258K->631490K(932352K), 0.0144769 secs] [Times: user=0.09 sys=0.03, real=0.01 secs] 
2021-06-30T07:39:52.490+0800: 0.844: [GC (Allocation Failure) [PSYoungGen: 160410K->35651K(232960K)] 748226K->661501K(932352K), 0.0144373 secs] [Times: user=0.00 sys=0.13, real=0.02 secs] 
2021-06-30T07:39:52.505+0800: 0.859: [Full GC (Ergonomics) [PSYoungGen: 35651K->0K(232960K)] [ParOldGen: 625849K->338228K(699392K)] 661501K->338228K(932352K), [Metaspace: 2632K->2632K(1056768K)], 0.0703388 secs] [Times: user=0.42 sys=0.00, real=0.07 secs] 
2021-06-30T07:39:52.595+0800: 0.949: [GC (Allocation Failure) [PSYoungGen: 116736K->39608K(232960K)] 454964K->377837K(932352K), 0.0079692 secs] [Times: user=0.13 sys=0.00, real=0.01 secs] 
2021-06-30T07:39:52.621+0800: 0.975: [GC (Allocation Failure) [PSYoungGen: 156344K->38692K(232960K)] 494573K->411381K(932352K), 0.0135387 secs] [Times: user=0.13 sys=0.00, real=0.01 secs] 
2021-06-30T07:39:52.652+0800: 1.006: [GC (Allocation Failure) [PSYoungGen: 155123K->40336K(232960K)] 527812K->447020K(932352K), 0.0129707 secs] [Times: user=0.13 sys=0.00, real=0.01 secs] 
2021-06-30T07:39:52.682+0800: 1.036: [GC (Allocation Failure) [PSYoungGen: 156761K->39556K(232960K)] 563445K->482226K(932352K), 0.0141669 secs] [Times: user=0.13 sys=0.00, real=0.01 secs] 
2021-06-30T07:39:52.712+0800: 1.066: [GC (Allocation Failure) [PSYoungGen: 155732K->40463K(232960K)] 598403K->519800K(932352K), 0.0142574 secs] [Times: user=0.13 sys=0.00, real=0.01 secs] 
2021-06-30T07:39:52.743+0800: 1.097: [GC (Allocation Failure) [PSYoungGen: 157199K->43878K(232960K)] 636536K->559052K(932352K), 0.0156567 secs] [Times: user=0.06 sys=0.00, real=0.02 secs] 
Heap
 PSYoungGen      total 232960K, used 115195K [0x00000000eab00000, 0x0000000100000000, 0x0000000100000000)
  eden space 116736K, 61% used [0x00000000eab00000,0x00000000ef0a53d0,0x00000000f1d00000)
  from space 116224K, 37% used [0x00000000f1d00000,0x00000000f47d9960,0x00000000f8e80000)
  to   space 116224K, 0% used [0x00000000f8e80000,0x00000000f8e80000,0x0000000100000000)
 ParOldGen       total 699392K, used 515174K [0x00000000c0000000, 0x00000000eab00000, 0x00000000eab00000)
  object space 699392K, 73% used [0x00000000c0000000,0x00000000df719a28,0x00000000eab00000)
 Metaspace       used 2638K, capacity 4486K, committed 4864K, reserved 1056768K
  class space    used 291K, capacity 386K, committed 512K, reserved 1048576K
